// Jest Snapshot v1, https://goo.gl/fbAQLP

exports[`Pruebas en <GifCard/> Debe de hacer match con el Snapshot 1`] = `
<div>
  <div
    class="card"
  >
    <img
      alt="Prueba 1"
      src="https://picsum.photos/200"
    />
    <p>
      Prueba 1
    </p>
  </div>
</div>
`;
